54.36.149.41 - - [22/Jan/2019:03:56:14 +0330] "GET /filter/27|13%20%D9%85%DA%AF%D8%A7%D9%BE%DB%8C%DA%A9%D8%B3%D9%84,27|%DA%A9%D9%85%D8%AA%D8%B1%20%D8%A7%D8%B2%205%20%D9%85%DA%AF%D8%A7%D9%BE%DB%8C%DA%A9%D8%B3%D9%84,p53 HTTP/1.1" 200 30577 "-" "Mozilla/5.0 (compatible; AhrefsBot/6.1; +http://ahrefs.com/robot/)" "-"
31.56.96.51 - - [22/Jan/2019:03:56:16 +0330] "GET /image/60844/productModel/200x200 HTTP/1.1" 200 5667 "https://www.zanbil.ir/m/filter/b113" "Mozilla/5.0 (Linux; Android 6.0; ALE-L21 Build/HuaweiALE-L21) AppleWebKit/537.36 (KHTML, like Gecko) Chrome/66.0.3359.158 Mobile Safari/537.36" "-"
31.56.96.51 - - [22/Jan/2019:03:56:16 +0330] "GET /image/61474/productModel/200x200 HTTP/1.1" 200 5379 "https://www.zanbil.ir/m/filter/b113" "Mozilla/5.0 (Linux; Android 6.0; ALE-L21 Build/HuaweiALE-L21) AppleWebKit/537.36 (KHTML, like Gecko) Chrome/66.0.3359.158 Mobile Safari/537.36" "-"
40.77.167.129 - - [22/Jan/2019:03:56:17 +0330] "GET /image/14925/productModel/100x100 HTTP/1.1" 200 1696 "-" "Mozilla/5.0 (compatible; bingbot/2.0; +http://www.bing.com/bingbot.htm)" "-"
91.99.72.15 - - [22/Jan/2019:03:56:17 +0330] "GET /product/31893/62100/%D8%B3%D8%B4%D9%88%D8%A7%D8%B1-%D8%AE%D8%A7%D9%86%DA%AF%DB%8C-%D9%BE%D8%B1%D9%86%D8%B3%D9%84%DB%8C-%D9%85%D8%AF%D9%84-PR257AT HTTP/1.1" 200 41483 "-" "Mozilla/5.0 (Windows NT 6.2; Win64; x64; rv:16.0)Gecko/16.0 Firefox/16.0" "-"
40.77.167.129 - - [22/Jan/2019:03:56:17 +0330] "GET /image/23488/productModel/150x150 HTTP/1.1" 200 2654 "-" "Mozilla/5.0 (compatible; bingbot/2.0; +http://www.bing.com/bingbot.htm)" "-"
40.77.167.129 - - [22/Jan/2019:03:56:18 +0330] "GET /image/45437/productModel/150x150 HTTP/1.1" 200 3688 "-" "Mozilla/5.0 (compatible; bingbot/2.0; +http://www.bing.com/bingbot.htm)" "-"
40.77.167.129 - - [22/Jan/2019:03:56:18 +0330] "GET /image/576/article/100x100 HTTP/1.1" 200 14776 "-" "Mozilla/5.0 (compatible; bingbot/2.0; +http://www.bing.com/bingbot.htm)" "-"
66.249.66.194 - - [22/Jan/2019:03:56:18 +0330] "GET /filter/b41,b665,c150%7C%D8%A8%D8%AE%D8%A7%D8%B1%D9%BE%D8%B2,p56 HTTP/1.1" 200 34277 "-" "Mozilla/5.0 (compatible; Googlebot/2.1; +http://www.google.com/bot.html)" "-"
40.77.167.129 - - [22/Jan/2019:03:56:18 +0330] "GET /image/57710/productModel/100x100 HTTP/1.1" 200 1695 "-" "Mozilla/5.0 (compatible; bingbot/2.0; +http://www.bing.com/bingbot.htm)" "-"
207.46.13.136 - - [22/Jan/2019:03:56:18 +0330] "GET /product/10214 HTTP/1.1" 200 39677 "-" "Mozilla/5.0 (compatible; bingbot/2.0; +http://www.bing.com/bingbot.htm)" "-"
40.77.167.129 - - [22/Jan/2019:03:56:19 +0330] "GET /image/578/article/100x100 HTTP/1.1" 200 9831 "-" "Mozilla/5.0 (compatible; bingbot/2.0; +http://www.bing.com/bingbot.htm)" "-"
178.253.33.51 - - [22/Jan/2019:03:56:19 +0330] "GET /m/product/32574/62991/%D9%85%D8%A7%D8%B4%DB%8C%D9%86-%D8%A7%D8%B5%D9%84%D8%A7%D8%AD-%D8%B5%D9%88%D8%B1%D8%AA-%D9%BE%D8%B1%D9%86%D8%B3%D9%84%DB%8C-%D9%85%D8%AF%D9%84-PR465AT HTTP/1.1" 200 20406 "https://www.zanbil.ir/m/filter/p5767%2Ct156?name=%D9%85%D8%A7%D8%B4%DB%8C%D9%86-%D8%A7%D8%B5%D9%84%D8%A7%D8%AD&productType=electric-shavers" "Mozilla/5.0 (Linux; Android 5.1; HTC Desire 728 dual sim) AppleWebKit/537.36 (KHTML, like Gecko) Chrome/71.0.3578.83 Mobile Safari/537.36" "-"
40.77.167.129 - - [22/Jan/2019:03:56:19 +0330] "GET /image/6229/productModel/100x100 HTTP/1.1" 200 1796 "-" "Mozilla/5.0 (compatible; bingbot/2.0; +http://www.bing.com/bingbot.htm)" "-"
91.99.72.15 - - [22/Jan/2019:03:56:19 +0330] "GET /product/10075/13903/%D9%85%D8%A7%DB%8C%DA%A9%D8%B1%D9%88%D9%81%D8%B1-%D8%B1%D9%88%D9%85%DB%8C%D8%B2%DB%8C-%D8%B3%D8%A7%D9%85%D8%B3%D9%88%D9%86%DA%AF-%D9%85%D8%AF%D9%84-CE288 HTTP/1.1" 200 41725 "-" "Mozilla/5.0 (X11; Linux x86_64) AppleWebKit/537.36 (KHTML, like Gecko) Chrome/53.0.2785.92 Safari/537.36" "-"
40.77.167.129 - - [22/Jan/2019:03:56:19 +0330] "GET /image/6229/productModel/150x150 HTTP/1.1" 200 2739 "-" "Mozilla/5.0 (compatible; bingbot/2.0; +http://www.bing.com/bingbot.htm)" "-"
207.46.13.136 - - [22/Jan/2019:03:56:19 +0330] "GET /product/14926 HTTP/1.1" 404 33617 "-" "Mozilla/5.0 (compatible; bingbot/2.0; +http://www.bing.com/bingbot.htm)" "-"
40.77.167.129 - - [22/Jan/2019:03:56:19 +0330] "GET /image/6248/productModel/150x150 HTTP/1.1" 200 2788 "-" "Mozilla/5.0 (compatible; bingbot/2.0; +http://www.bing.com/bingbot.htm)" "-"
40.77.167.129 - - [22/Jan/2019:03:56:20 +0330] "GET /image/64815/productModel/150x150 HTTP/1.1" 200 3481 "-" "Mozilla/5.0 (compatible; bingbot/2.0; +http://www.bing.com/bingbot.htm)" "-"
66.249.66.194 - - [22/Jan/2019:03:56:20 +0330] "GET /m/filter/b2,p6 HTTP/1.1" 200 19451 "-" "Mozilla/5.0 (Linux; Android 6.0.1; Nexus 5X Build/MMB29P) AppleWebKit/537.36 (KHTML, like Gecko) Chrome/41.0.2272.96 Mobile Safari/537.36 (compatible; Googlebot/2.1; +http://www.google.com/bot.html)" "-"
91.99.72.15 - - [22/Jan/2019:03:56:20 +0330] "GET /product/32798/63266/%DB%8C%D8%AE%DA%86%D8%A7%D9%84-%D9%81%D8%B1%DB%8C%D8%B2%D8%B1-%D8%B3%DB%8C%D9%86%D8%AC%D8%B1-%D9%85%D8%AF%D9%84-pearl-SR7 HTTP/1.1" 200 40250 "-" "Mozilla/5.0 (X11; Linux x86_64) AppleWebKit/537.36 (KHTML, like Gecko) Chrome/53.0.2785.92 Safari/537.36" "-"
178.253.33.51 - - [22/Jan/2019:03:56:20 +0330] "GET /settings/logo HTTP/1.1" 200 4120 "https://www.zanbil.ir/m/product/32574/62991/%D9%85%D8%A7%D8%B4%DB%8C%D9%86-%D8%A7%D8%B5%D9%84%D8%A7%D8%AD-%D8%B5%D9%88%D8%B1%D8%AA-%D9%BE%D8%B1%D9%86%D8%B3%D9%84%DB%8C-%D9%85%D8%AF%D9%84-PR465AT" "Mozilla/5.0 (Linux; Android 5.1; HTC Desire 728 dual sim) AppleWebKit/537.36 (KHTML, like Gecko) Chrome/71.0.3578.83 Mobile Safari/537.36" "-"
66.249.66.91 - - [22/Jan/2019:03:56:20 +0330] "GET /filter/b874%2Cb32%2Cb63%2Cb99%2Cb126%2Cb820%2Cb249%2Cb3%2Cb148%2Cb724%2Cb613%2Cb183%2Cb213%2Cb484%2Cb224%2Cb734%2Cb20%2Cb95%2Cb542%2Cb212%2Cb485%2Cb523%2Cb221%2Cb118%2Cb186%2Cb67?page=4 HTTP/1.1" 200 39660 "-" "Mozilla/5.0 (compatible; Googlebot/2.1; +http://www.google.com/bot.html)" "-"
31.56.96.51 - - [22/Jan/2019:03:56:20 +0330] "GET /image/60819/productModel/200x200 HTTP/1.1" 200 7171 "https://www.zanbil.ir/m/filter/b113" "Mozilla/5.0 (Linux; Android 6.0; ALE-L21 Build/HuaweiALE-L21) AppleWebKit/537.36 (KHTML, like Gecko) Chrome/66.0.3359.158 Mobile Safari/537.36" "-"
31.56.96.51 - - [22/Jan/2019:03:56:20 +0330] "GET /image/60847/productModel/200x200 HTTP/1.1" 200 5667 "https://www.zanbil.ir/m/filter/b113" "Mozilla/5.0 (Linux; Android 6.0; ALE-L21 Build/HuaweiALE-L21) AppleWebKit/537.36 (KHTML, like Gecko) Chrome/66.0.3359.158 Mobile Safari/537.36" "-"
5.120.204.67 - - [26/Jan/2019:20:29:12 +0330] "GET /image/63629/productModel/200x200 HTTP/1.1" 200 4909 "https://www.zanbil.ir/m/browse/food-processor/%D8%BA%D8%B0%D8%A7-%D8%B3%D8%A7%D8%B2" "Mozilla/5.0 (Linux; Android 5.0.2; SM-A500H Build/LRX22G; wv) AppleWebKit/537.36 (KHTML, like Gecko) Version/4.0 Chrome/43.0.2357.121 Mobile Safari/537.36 ACHEETAHI/1" "-"
5.120.204.67 - - [26/Jan/2019:20:29:12 +0330] "GET /image/63640/productModel/200x200 HTTP/1.1" 200 5360 "https://www.zanbil.ir/m/browse/food-processor/%D8%BA%D8%B0%D8%A7-%D8%B3%D8%A7%D8%B2" "Mozilla/5.0 (Linux; Android 5.0.2; SM-A500H Build/LRX22G; wv) AppleWebKit/537.36 (KHTML, like Gecko) Version/4.0 Chrome/43.0.2357.121 Mobile Safari/537.36 ACHEETAHI/1" "-"
5.120.204.67 - - [26/Jan/2019:20:29:12 +0330] "GET /image/59741/productModel/200x200 HTTP/1.1" 200 4826 "https://www.zanbil.ir/m/browse/food-processor/%D8%BA%D8%B0%D8%A7-%D8%B3%D8%A7%D8%B2" "Mozilla/5.0 (Linux; Android 5.0.2; SM-A500H Build/LRX22G; wv) AppleWebKit/537.36 (KHTML, like Gecko) Version/4.0 Chrome/43.0.2357.121 Mobile Safari/537.36 ACHEETAHI/1" "-"
5.120.204.67 - - [26/Jan/2019:20:29:12 +0330] "GET /image/422/productModel/200x200 HTTP/1.1" 200 3904 "https://www.zanbil.ir/m/browse/food-processor/%D8%BA%D8%B0%D8%A7-%D8%B3%D8%A7%D8%B2" "Mozilla/5.0 (Linux; Android 5.0.2; SM-A500H Build/LRX22G; wv) AppleWebKit/537.36 (KHTML, like Gecko) Version/4.0 Chrome/43.0.2357.121 Mobile Safari/537.36 ACHEETAHI/1" "-"
5.127.220.71 - - [26/Jan/2019:20:29:12 +0330] "GET /apple-touch-icon-120x120-precomposed.png HTTP/1.1" 404 32426 "-" "MobileSafari/604.1 CFNetwork/976 Darwin/18.2.0" "-"
5.120.204.67 - - [26/Jan/2019:20:29:12 +0330] "GET /image/53890/productModel/200x200 HTTP/1.1" 200 5921 "https://www.zanbil.ir/m/browse/food-processor/%D8%BA%D8%B0%D8%A7-%D8%B3%D8%A7%D8%B2" "Mozilla/5.0 (Linux; Android 5.0.2; SM-A500H Build/LRX22G; wv) AppleWebKit/537.36 (KHTML, like Gecko) Version/4.0 Chrome/43.0.2357.121 Mobile Safari/537.36 ACHEETAHI/1" "-"
91.99.55.165 - - [26/Jan/2019:20:29:12 +0330] "GET /m/filter/p2597%2Cb231?page=1 HTTP/1.1" 200 18805 "https://www.zanbil.ir/m/filter/p2597%2Cb231" "Mozilla/5.0 (Linux; Android 8.0.0; SM-G930F) AppleWebKit/537.36 (KHTML, like Gecko) Chrome/71.0.3578.99 Mobile Safari/537.36" "-"
151.242.106.253 - - [26/Jan/2019:20:29:12 +0330] "GET /image/30181?name=fsr14-55.jpg&wh=max HTTP/1.1" 200 50162 "https://www.zanbil.ir/m/product/30181/59833/%DB%8C%D8%AE%DA%86%D8%A7%D9%84-%D9%81%D8%B1%DB%8C%D8%B2%D8%B1-%D8%B3%D8%A7%DB%8C%D8%AF-%D8%A8%D8%A7%DB%8C-%D8%B3%D8%A7%DB%8C%D8%AF-%D8%B3%D8%A7%D9%85%D8%B3%D9%88%D9%86%DA%AF-%D9%85%D8%AF%D9%84-FSR14-STS" "Mozilla/5.0 (Linux; Android 7.0; P008) AppleWebKit/537.36 (KHTML, like Gecko) Chrome/71.0.3578.99 Safari/537.36" "-"
192.15.51.231 - - [26/Jan/2019:20:29:13 +0330] "GET /image/267/productModel/150x150 HTTP/1.1" 200 3423 "https://www.zanbil.ir/m/product/4125/205/%D8%B3%DB%8C%D9%86%DA%A9-%D8%B8%D8%B1%D9%81%D8%B4%D9%88%DB%8C%DB%8C-%D8%B1%D9%88%DA%A9%D8%A7%D8%B1-%D8%A7%D8%B3%D8%AA%DB%8C%D9%84-%D8%A7%D9%84%D8%A8%D8%B1%D8%B2-%D9%85%D8%AF%D9%84-%D9%BE%D9%84%D8%A7%D8%B3-725-50" "Mozilla/5.0 (Linux; Android 4.4.4; SM-J110H Build/KTU84P) AppleWebKit/537.36 (KHTML, like Gecko) Chrome/40.0.2214.109 Mobile Safari/537.36" "-"
13.66.139.0 - - [26/Jan/2019:20:29:13 +0330] "GET /product/29746/%D9%85%D8%A7%D8%B4%DB%8C%D9%86-%D8%A7%D8%B5%D9%84%D8%A7%D8%AD-%D8%A8%D8%AF%D9%86-%D9%BE%D8%B1%D9%86%D8%B3%D9%84%DB%8C-%D9%85%D8%AF%D9%84-Princely-Body-Groomer-PR461AT HTTP/1.1" 200 40837 "-" "Mozilla/5.0 (compatible; bingbot/2.0; +http://www.bing.com/bingbot.htm)" "-"
45.79.177.249 - - [26/Jan/2019:20:29:13 +0330] "GET /m/browse/evaporative-air-cooler/%DA%A9%D9%88%D9%84%D8%B1-%D8%A2%D8%A8%DB%8C HTTP/1.1" 200 19343 "-" "Mozilla/5.0 (iPhone; CPU iPhone OS 12_1_2 like Mac OS X) AppleWebKit/605.1.15 (KHTML, like Gecko) Version/12.0 Mobile/15E148 Safari/604.1" "-"
91.185.153.186 - - [24/Jan/2019:14:21:16 +0330] "GET /image/57613/productModel/150x150 HTTP/1.1" 200 2532 "https://www.zanbil.ir/browse/refrigerator-and-freezer/%DB%8C%D8%AE%DA%86%D8%A7%D9%84-%D9%81%D8%B1%DB%8C%D8%B2%D8%B1" "Mozilla/5.0 (Windows NT 10.0; Win64; x64) AppleWebKit/537.36 (KHTML, like Gecko) Chrome/71.0.3578.98 Safari/537.36" "-"
5.117.177.254 - - [24/Jan/2019:14:21:16 +0330] "GET /image/59324/productModel/200x200 HTTP/1.1" 200 3179 "https://www.zanbil.ir/" "Mozilla/5.0 (iPhone; CPU iPhone OS 12_1_2 like Mac OS X) AppleWebKit/605.1.15 (KHTML, like Gecko) Version/12.0 Mobile/15E148 Safari/604.1" "-"
5.210.158.93 - - [24/Jan/2019:14:21:16 +0330] "GET /image/3/brand HTTP/1.1" 200 2885 "https://www.zanbil.ir/m/browse/iron/%D8%A7%D8%AA%D9%88" "Mozilla/5.0 (Linux; Android 4.2.2; Lenovo A3000-H Build/JDQ39) AppleWebKit/537.36 (KHTML, like Gecko) Chrome/34.0.1847.114 Safari/537.36" "-"
5.210.158.93 - - [24/Jan/2019:14:21:16 +0330] "GET /image/74/brand HTTP/1.1" 200 2536 "https://www.zanbil.ir/m/browse/iron/%D8%A7%D8%AA%D9%88" "Mozilla/5.0 (Linux; Android 4.2.2; Lenovo A3000-H Build/JDQ39) AppleWebKit/537.36 (KHTML, like Gecko) Chrome/34.0.1847.114 Safari/537.36" "-"
5.210.158.93 - - [24/Jan/2019:14:21:16 +0330] "GET /image/153/brand HTTP/1.1" 200 2566 "https://www.zanbil.ir/m/browse/iron/%D8%A7%D8%AA%D9%88" "Mozilla/5.0 (Linux; Android 4.2.2; Lenovo A3000-H Build/JDQ39) AppleWebKit/537.36 (KHTML, like Gecko) Chrome/34.0.1847.114 Safari/537.36" "-"
5.210.158.93 - - [24/Jan/2019:14:21:16 +0330] "GET /image/180/brand HTTP/1.1" 200 2566 "https://www.zanbil.ir/m/browse/iron/%D8%A7%D8%AA%D9%88" "Mozilla/5.0 (Linux; Android 4.2.2; Lenovo A3000-H Build/JDQ39) AppleWebKit/537.36 (KHTML, like Gecko) Chrome/34.0.1847.114 Safari/537.36" "-"
5.210.158.93 - - [24/Jan/2019:14:21:16 +0330] "GET /image/873/brand HTTP/1.1" 200 2897 "https://www.zanbil.ir/m/browse/iron/%D8%A7%D8%AA%D9%88" "Mozilla/5.0 (Linux; Android 4.2.2; Lenovo A3000-H Build/JDQ39) AppleWebKit/537.36 (KHTML, like Gecko) Chrome/34.0.1847.114 Safari/537.36" "-"
2.187.155.181 - - [24/Jan/2019:14:21:16 +0330] "GET /static/images/amp/telegram.png HTTP/1.1" 200 4859 "https://www.zanbil.ir/product/8492/%DB%8C%D8%AE%DA%86%D8%A7%D9%84-%D9%81%D8%B1%DB%8C%D8%B2%D8%B1-%D9%81%D8%B1%DB%8C%D8%B2%D8%B1-%D9%BE%D8%A7%DB%8C%DB%8C%D9%86-%D8%AF%D9%88%D9%88-%D9%85%D8%AF%D9%84-BMF-FR-660-Plus" "Mozilla/5.0 (Windows NT 10.0; Win64; x64; rv:57.0) Gecko/20100101 Firefox/57.0" "-"
2.187.155.181 - - [24/Jan/2019:14:21:16 +0330] "GET /static/images/amp/blog.png HTTP/1.1" 200 3863 "https://www.zanbil.ir/product/8492/%DB%8C%D8%AE%DA%86%D8%A7%D9%84-%D9%81%D8%B1%DB%8C%D8%B2%D8%B1-%D9%81%D8%B1%DB%8C%D8%B2%D8%B1-%D9%BE%D8%A7%DB%8C%DB%8C%D9%86-%D8%AF%D9%88%D9%88-%D9%85%D8%AF%D9%84-BMF-FR-660-Plus" "Mozilla/5.0 (Windows NT 10.0; Win64; x64; rv:57.0) Gecko/20100101 Firefox/57.0" "-"
5.117.177.254 - - [24/Jan/2019:14:21:16 +0330] "GET /image/264/productModel/200x200 HTTP/1.1" 200 4672 "https://www.zanbil.ir/" "Mozilla/5.0 (iPhone; CPU iPhone OS 12_1_2 like Mac OS X) AppleWebKit/605.1.15 (KHTML, like Gecko) Version/12.0 Mobile/15E148 Safari/604.1" "-"
46.154.158.131 - - [24/Jan/2019:14:21:16 +0330] "GET /browse/cell-phone/%DA%AF%D9%88%D8%B4%DB%8C-%D9%85%D9%88%D8%A8%D8%A7%DB%8C%D9%84 HTTP/1.1" 302 0 "-" "Mozilla/5.0 (iPhone; CPU iPhone OS 11_2_1 like Mac OS X) AppleWebKit/604.4.7 (KHTML, like Gecko) Version/11.0 Mobile/15C153 Safari/604.1" "-"
2.187.155.181 - - [24/Jan/2019:14:21:16 +0330] "GET /static/images/search-category-arrow.png HTTP/1.1" 200 217 "https://znbl.ir/static/bundle-bundle_site_head.css" "Mozilla/5.0 (Windows NT 10.0; Win64; x64; rv:57.0) Gecko/20100101 Firefox/57.0" "-"
5.117.177.254 - - [24/Jan/2019:14:21:16 +0330] "GET /image/63179/productModel/200x200 HTTP/1.1" 200 4060 "https://www.zanbil.ir/" "Mozilla/5.0 (iPhone; CPU iPhone OS 12_1_2 like Mac OS X) AppleWebKit/605.1.15 (KHTML, like Gecko) Version/12.0 Mobile/15E148 Safari/604.1" "-"
5.117.177.254 - - [24/Jan/2019:14:21:16 +0330] "GET /image/63568/productModel/200x200 HTTP/1.1" 200 5706 "https://www.zanbil.ir/" "Mozilla/5.0 (iPhone; CPU iPhone OS 12_1_2 like Mac OS X) AppleWebKit/605.1.15 (KHTML, like Gecko) Version/12.0 Mobile/15E148 Safari/604.1" "-"
5.117.177.254 - - [24/Jan/2019:14:21:16 +0330] "GET /image/58924/productModel/200x200 HTTP/1.1" 200 2833 "https://www.zanbil.ir/" "Mozilla/5.0 (iPhone; CPU iPhone OS 12_1_2 like Mac OS X) AppleWebKit/605.1.15 (KHTML, like Gecko) Version/12.0 Mobile/15E148 Safari/604.1" "-"
5.117.177.254 - - [24/Jan/2019:14:21:16 +0330] "GET /image/57483/productModel/200x200 HTTP/1.1" 200 5451 "https://www.zanbil.ir/" "Mozilla/5.0 (iPhone; CPU iPhone OS 12_1_2 like Mac OS X) AppleWebKit/605.1.15 (KHTML, like Gecko) Version/12.0 Mobile/15E148 Safari/604.1" "-"
5.117.177.254 - - [24/Jan/2019:14:21:16 +0330] "GET /image/4/brand HTTP/1.1" 200 2099 "https://www.zanbil.ir/" "Mozilla/5.0 (iPhone; CPU iPhone OS 12_1_2 like Mac OS X) AppleWebKit/605.1.15 (KHTML, like Gecko) Version/12.0 Mobile/15E148 Safari/604.1" "-"
2.187.155.181 - - [24/Jan/2019:14:21:16 +0330] "GET /static/images/icons/btn-search.png HTTP/1.1" 200 393 "https://znbl.ir/static/bundle-bundle_site_head.css" "Mozilla/5.0 (Windows NT 10.0; Win64; x64; rv:57.0) Gecko/20100101 Firefox/57.0" "-"
5.117.177.254 - - [24/Jan/2019:14:21:16 +0330] "GET /image/64719/productModel/200x200 HTTP/1.1" 200 4156 "https://www.zanbil.ir/" "Mozilla/5.0 (iPhone; CPU iPhone OS 12_1_2 like Mac OS X) AppleWebKit/605.1.15 (KHTML, like Gecko) Version/12.0 Mobile/15E148 Safari/604.1" "-"
5.117.177.254 - - [24/Jan/2019:14:21:16 +0330] "GET /image/1225/mainSlideMobile HTTP/1.1" 200 62733 "https://www.zanbil.ir/" "Mozilla/5.0 (iPhone; CPU iPhone OS 12_1_2 like Mac OS X) AppleWebKit/605.1.15 (KHTML, like Gecko) Version/12.0 Mobile/15E148 Safari/604.1" "-"
5.117.177.254 - - [24/Jan/2019:14:21:16 +0330] "GET /image/614/brand HTTP/1.1" 200 2088 "https://www.zanbil.ir/" "Mozilla/5.0 (iPhone; CPU iPhone OS 12_1_2 like Mac OS X) AppleWebKit/605.1.15 (KHTML, like Gecko) Version/12.0 Mobile/15E148 Safari/604.1" "-"
185.155.236.247 - - [23/Jan/2019:11:19:04 +0330] "GET /image/38334/productModel/150x150 HTTP/1.1" 200 2085 "https://www.zanbil.ir/browse/digital-supplies/%D9%84%D9%88%D8%A7%D8%B2%D9%85-%D8%AF%DB%8C%D8%AC%DB%8C%D8%AA%D8%A7%D9%84" "Mozilla/5.0 (Windows NT 6.1; Win64; x64) AppleWebKit/537.36 (KHTML, like Gecko) Chrome/71.0.3578.98 Safari/537.36" "-"
5.210.156.101 - - [23/Jan/2019:11:19:04 +0330] "GET /product/32125/62395/%D8%AC%D8%A7%D8%B1%D9%88-%D8%B4%D8%A7%D8%B1%DA%98%DB%8C-%D8%AF%D8%B3%D8%AA%DB%8C-%D9%85%D8%AC%DB%8C%DA%A9-%D9%85%D8%AF%D9%84-AV-701?utm_medium=PPC&utm_source=Torob HTTP/1.1" 302 0 "-" "Mozilla/5.0 (iPhone; CPU iPhone OS 9_3_2 like Mac OS X) AppleWebKit/601.1.46 (KHTML, like Gecko) Version/9.0 Mobile/13F69 Safari/601.1" "-"
185.155.236.247 - - [23/Jan/2019:11:19:04 +0330] "GET /image/56354/productModel/150x150 HTTP/1.1" 200 4398 "https://www.zanbil.ir/browse/digital-supplies/%D9%84%D9%88%D8%A7%D8%B2%D9%85-%D8%AF%DB%8C%D8%AC%DB%8C%D8%AA%D8%A7%D9%84" "Mozilla/5.0 (Windows NT 6.1; Win64; x64) AppleWebKit/537.36 (KHTML, like Gecko) Chrome/71.0.3578.98 Safari/537.36" "-"
185.155.236.247 - - [23/Jan/2019:11:19:04 +0330] "GET /site/enamad HTTP/1.1" 200 278 "https://www.zanbil.ir/browse/digital-supplies/%D9%84%D9%88%D8%A7%D8%B2%D9%85-%D8%AF%DB%8C%D8%AC%DB%8C%D8%AA%D8%A7%D9%84" "Mozilla/5.0 (Windows NT 6.1; Win64; x64) AppleWebKit/537.36 (KHTML, like Gecko) Chrome/71.0.3578.98 Safari/537.36" "-"
185.155.236.247 - - [23/Jan/2019:11:19:04 +0330] "GET /site/alexaGooleAnalitic HTTP/1.1" 200 323 "https://www.zanbil.ir/browse/digital-supplies/%D9%84%D9%88%D8%A7%D8%B2%D9%85-%D8%AF%DB%8C%D8%AC%DB%8C%D8%AA%D8%A7%D9%84" "Mozilla/5.0 (Windows NT 6.1; Win64; x64) AppleWebKit/537.36 (KHTML, like Gecko) Chrome/71.0.3578.98 Safari/537.36" "-"
185.155.236.247 - - [23/Jan/2019:11:19:04 +0330] "GET /image/3437/productModel/150x150 HTTP/1.1" 200 3895 "https://www.zanbil.ir/browse/digital-supplies/%D9%84%D9%88%D8%A7%D8%B2%D9%85-%D8%AF%DB%8C%D8%AC%DB%8C%D8%AA%D8%A7%D9%84" "Mozilla/5.0 (Windows NT 6.1; Win64; x64) AppleWebKit/537.36 (KHTML, like Gecko) Chrome/71.0.3578.98 Safari/537.36" "-"
185.155.236.247 - - [23/Jan/2019:11:19:04 +0330] "GET /image/64271/productModel/150x150 HTTP/1.1" 200 4925 "https://www.zanbil.ir/browse/digital-supplies/%D9%84%D9%88%D8%A7%D8%B2%D9%85-%D8%AF%DB%8C%D8%AC%DB%8C%D8%AA%D8%A7%D9%84" "Mozilla/5.0 (Windows NT 6.1; Win64; x64) AppleWebKit/537.36 (KHTML, like Gecko) Chrome/71.0.3578.98 Safari/537.36" "-"
185.155.236.247 - - [23/Jan/2019:11:19:04 +0330] "GET /image/65222/productModel/150x150 HTTP/1.1" 200 2682 "https://www.zanbil.ir/browse/digital-supplies/%D9%84%D9%88%D8%A7%D8%B2%D9%85-%D8%AF%DB%8C%D8%AC%DB%8C%D8%AA%D8%A7%D9%84" "Mozilla/5.0 (Windows NT 6.1; Win64; x64) AppleWebKit/537.36 (KHTML, like Gecko) Chrome/71.0.3578.98 Safari/537.36" "-"
185.155.236.247 - - [23/Jan/2019:11:19:05 +0330] "GET /image/64802/productModel/150x150 HTTP/1.1" 200 4490 "https://www.zanbil.ir/browse/digital-supplies/%D9%84%D9%88%D8%A7%D8%B2%D9%85-%D8%AF%DB%8C%D8%AC%DB%8C%D8%AA%D8%A7%D9%84" "Mozilla/5.0 (Windows NT 6.1; Win64; x64) AppleWebKit/537.36 (KHTML, like Gecko) Chrome/71.0.3578.98 Safari/537.36" "-"
185.155.236.247 - - [23/Jan/2019:11:19:05 +0330] "GET /image/58057/productModel/150x150 HTTP/1.1" 200 4111 "https://www.zanbil.ir/browse/digital-supplies/%D9%84%D9%88%D8%A7%D8%B2%D9%85-%D8%AF%DB%8C%D8%AC%DB%8C%D8%AA%D8%A7%D9%84" "Mozilla/5.0 (Windows NT 6.1; Win64; x64) AppleWebKit/537.36 (KHTML, like Gecko) Chrome/71.0.3578.98 Safari/537.36" "-"
185.155.236.247 - - [23/Jan/2019:11:19:05 +0330] "GET /image/63275/productModel/150x150 HTTP/1.1" 200 4436 "https://www.zanbil.ir/browse/digital-supplies/%D9%84%D9%88%D8%A7%D8%B2%D9%85-%D8%AF%DB%8C%D8%AC%DB%8C%D8%AA%D8%A7%D9%84" "Mozilla/5.0 (Windows NT 6.1; Win64; x64) AppleWebKit/537.36 (KHTML, like Gecko) Chrome/71.0.3578.98 Safari/537.36" "-"
185.155.236.247 - - [23/Jan/2019:11:19:05 +0330] "GET /image/63185/productModel/150x150 HTTP/1.1" 200 2521 "https://www.zanbil.ir/browse/digital-supplies/%D9%84%D9%88%D8%A7%D8%B2%D9%85-%D8%AF%DB%8C%D8%AC%DB%8C%D8%AA%D8%A7%D9%84" "Mozilla/5.0 (Windows NT 6.1; Win64; x64) AppleWebKit/537.36 (KHTML, like Gecko) Chrome/71.0.3578.98 Safari/537.36" "-"
5.238.111.16 - - [23/Jan/2019:11:19:05 +0330] "GET /image/27142?name=mdn76.jpg&wh=200x200 HTTP/1.1" 200 3294 "-" "Mozilla/5.0 (Windows NT 6.1; rv:64.0) Gecko/20100101 Firefox/64.0" "-"
185.155.236.247 - - [23/Jan/2019:11:19:05 +0330] "GET /image/55551/productModel/150x150 HTTP/1.1" 200 3231 "https://www.zanbil.ir/browse/digital-supplies/%D9%84%D9%88%D8%A7%D8%B2%D9%85-%D8%AF%DB%8C%D8%AC%DB%8C%D8%AA%D8%A7%D9%84" "Mozilla/5.0 (Windows NT 6.1; Win64; x64) AppleWebKit/537.36 (KHTML, like Gecko) Chrome/71.0.3578.98 Safari/537.36" "-"
185.155.236.247 - - [23/Jan/2019:11:19:05 +0330] "GET /image/15027/productModel/150x150 HTTP/1.1" 200 3949 "https://www.zanbil.ir/browse/digital-supplies/%D9%84%D9%88%D8%A7%D8%B2%D9%85-%D8%AF%DB%8C%D8%AC%DB%8C%D8%AA%D8%A7%D9%84" "Mozilla/5.0 (Windows NT 6.1; Win64; x64) AppleWebKit/537.36 (KHTML, like Gecko) Chrome/71.0.3578.98 Safari/537.36" "-"
